// Jest Snapshot v1, https://goo.gl/fbAQLP

exports[`Projects has a valid snapshot 1`] = `
<div
  className="container undefined"
>
  <h1>
     Projects 
  </h1>
  <br />
  <div
    className={undefined}
  >
    <h1>
      Simple Calculator
    </h1>
    <div
      className={undefined}
    >
      <div
        className={undefined}
      >
        0
      </div>
    </div>
    <div>
      <div
        className={undefined}
      >
        <div
          className={undefined}
        >
          <button
            className="sc-bdVaJa dyCkzW"
            onClick={[Function]}
          >
            C
          </button>
        </div>
        <div
          className={undefined}
        >
          <button
            className="sc-bdVaJa dyCkzW"
            onClick={[Function]}
          >
            +/-
          </button>
        </div>
        <div
          className={undefined}
        >
          <button
            className="sc-bdVaJa dyCkzW"
            onClick={[Function]}
          >
            %
          </button>
        </div>
        <div
          className={undefined}
        >
          <button
            className="sc-bdVaJa dyCkzW"
            onClick={[Function]}
          >
            /
          </button>
        </div>
      </div>
      <div
        className={undefined}
      >
        <div
          className={undefined}
        >
          <button
            className="sc-bdVaJa dyCkzW"
            onClick={[Function]}
          >
            7
          </button>
        </div>
        <div
          className={undefined}
        >
          <button
            className="sc-bdVaJa dyCkzW"
            onClick={[Function]}
          >
            8
          </button>
        </div>
        <div
          className={undefined}
        >
          <button
            className="sc-bdVaJa dyCkzW"
            onClick={[Function]}
          >
            9
          </button>
        </div>
        <div
          className={undefined}
        >
          <button
            className="sc-bdVaJa dyCkzW"
            onClick={[Function]}
          >
            *
          </button>
        </div>
      </div>
      <div
        className={undefined}
      >
        <div
          className={undefined}
        >
          <button
            className="sc-bdVaJa dyCkzW"
            onClick={[Function]}
          >
            4
          </button>
        </div>
        <div
          className={undefined}
        >
          <button
            className="sc-bdVaJa dyCkzW"
            onClick={[Function]}
          >
            5
          </button>
        </div>
        <div
          className={undefined}
        >
          <button
            className="sc-bdVaJa dyCkzW"
            onClick={[Function]}
          >
            6
          </button>
        </div>
        <div
          className={undefined}
        >
          <button
            className="sc-bdVaJa dyCkzW"
            onClick={[Function]}
          >
            -
          </button>
        </div>
      </div>
      <div
        className={undefined}
      >
        <div
          className={undefined}
        >
          <button
            className="sc-bdVaJa dyCkzW"
            onClick={[Function]}
          >
            1
          </button>
        </div>
        <div
          className={undefined}
        >
          <button
            className="sc-bdVaJa dyCkzW"
            onClick={[Function]}
          >
            2
          </button>
        </div>
        <div
          className={undefined}
        >
          <button
            className="sc-bdVaJa dyCkzW"
            onClick={[Function]}
          >
            3
          </button>
        </div>
        <div
          className={undefined}
        >
          <button
            className="sc-bdVaJa dyCkzW"
            onClick={[Function]}
          >
            +
          </button>
        </div>
      </div>
      <div
        className={undefined}
      >
        <div
          className={undefined}
        >
          <button
            className="sc-bdVaJa dyCkzW"
            onClick={[Function]}
          >
            0
          </button>
        </div>
        <div
          className={undefined}
        >
          <button
            className="sc-bdVaJa dyCkzW"
            onClick={[Function]}
          >
            .
          </button>
        </div>
        <div
          className={undefined}
        >
          <button
            className="sc-bdVaJa dyCkzW"
            onClick={[Function]}
          >
            =
          </button>
        </div>
      </div>
    </div>
  </div>
</div>
`;
