// Jest Snapshot v1, https://goo.gl/fbAQLP

exports[`KeyPad has a valid snapshot 1`] = `
<div>
  <div>
    <Key
      onClick={[Function]}
      symbol="C"
    />
    <Key
      onClick={[Function]}
      symbol="+/-"
    />
    <Key
      onClick={[Function]}
      symbol="%"
    />
    <Key
      onClick={[Function]}
      symbol="/"
    />
  </div>
  <div>
    <Key
      onClick={[Function]}
      symbol="7"
    />
    <Key
      onClick={[Function]}
      symbol="8"
    />
    <Key
      onClick={[Function]}
      symbol="9"
    />
    <Key
      onClick={[Function]}
      symbol="*"
    />
  </div>
  <div>
    <Key
      onClick={[Function]}
      symbol="4"
    />
    <Key
      onClick={[Function]}
      symbol="5"
    />
    <Key
      onClick={[Function]}
      symbol="6"
    />
    <Key
      onClick={[Function]}
      symbol="-"
    />
  </div>
  <div>
    <Key
      onClick={[Function]}
      symbol="1"
    />
    <Key
      onClick={[Function]}
      symbol="2"
    />
    <Key
      onClick={[Function]}
      symbol="3"
    />
    <Key
      onClick={[Function]}
      symbol="+"
    />
  </div>
  <div>
    <Key
      onClick={[Function]}
      symbol="0"
    />
    <Key
      onClick={[Function]}
      symbol="."
    />
    <Key
      onClick={[Function]}
      symbol="="
    />
  </div>
</div>
`;
